#0 building with "desktop-linux" instance using docker driver

#1 [internal] load build definition from Dockerfile
#1 transferring dockerfile: 829B done
#1 DONE 0.0s

#2 [internal] load metadata for docker.io/library/node:22.23.2-bookworm-slim@sha256:48e4b67d85f87bd551df43704e24d252f56cc5f8e9718841aace50f19948f0f9
#2 DONE 1.7s

#3 [internal] load .dockerignore
#3 transferring context: 233B done
#3 DONE 0.0s

#4 [ 1/12] FROM docker.io/library/node:22.23.2-bookworm-slim@sha256:48e4b67d85f87bd551df43704e24d252f56cc5f8e9718841aace50f19948f0f9
#4 resolve docker.io/library/node:22.23.2-bookworm-slim@sha256:48e4b67d85f87bd551df43704e24d252f56cc5f8e9718841aace50f19948f0f9 done
#4 DONE 0.0s

#5 [internal] load build context
#5 transferring context: 1.43MB 0.1s done
#5 DONE 0.1s

#6 [ 2/12] WORKDIR /app
#6 CACHED

#7 [ 3/12] RUN corepack enable     && corepack prepare pnpm@12.4.1 --activate
#7 CACHED

#8 [ 5/12] COPY apps/backend/package.json apps/backend/package.json
#8 CACHED

#9 [ 4/12] COPY package.json pnpm-lock.yaml pnpm-workspace.yaml tsconfig.base.json ./
#9 CACHED

#10 [ 6/12] COPY packages/contracts/package.json packages/contracts/package.json
#10 CACHED

#11 [ 7/12] COPY packages/shared-types/package.json packages/shared-types/package.json
#11 CACHED

#12 [ 8/12] RUN pnpm install --frozen-lockfile
#12 CACHED

#13 [ 9/12] COPY apps/backend apps/backend
#13 DONE 0.3s

#14 [10/12] COPY packages/contracts packages/contracts
#14 DONE 0.1s

#15 [11/12] COPY packages/shared-types packages/shared-types
#15 DONE 0.0s

#16 [12/12] RUN pnpm --filter @tcdx-grc/backend build
#16 1.650 $ tsc -p tsconfig.json
#16 DONE 4.5s

#17 exporting to image
#17 exporting layers
#17 exporting layers 0.6s done
#17 exporting manifest sha256:394ad8fadf279dfd9ada3ebeeb2161c3890ee8ca0458db1aa6194952f0a1ee59 done
#17 exporting config sha256:917cf7f9406b5f9c2424bf266a92bd34a85133491ff716b33fac10c119c44cdf done
#17 naming to docker.io/library/tcdx-grc-backend:mi-tenant-e2e-a910c94aa24e done
#17 DONE 0.6s

#18 resolving provenance for metadata file
#18 DONE 0.0s
