$ playwright test e2e/managed-identity-tenant-access.spec.ts --workers=4
[WebServer] npm warn Unknown env config "manage-package-manager-versions". This will stop working in the next major version of npm. See `npm help npmrc` for supported config options.
[WebServer] (node:82973) Warning: The 'NO_COLOR' env is ignored due to the 'FORCE_COLOR' env being set.
[WebServer] (Use `node --trace-warnings ...` to show where the warning was created)

Running 56 tests using 4 workers

(node:82983) Warning: The 'NO_COLOR' env is ignored due to the 'FORCE_COLOR' env being set.
(Use `node --trace-warnings ...` to show where the warning was created)
(node:82981) Warning: The 'NO_COLOR' env is ignored due to the 'FORCE_COLOR' env being set.
(Use `node --trace-warnings ...` to show where the warning was created)
(node:82984) Warning: The 'NO_COLOR' env is ignored due to the 'FORCE_COLOR' env being set.
(Use `node --trace-warnings ...` to show where the warning was created)
(node:82982) Warning: The 'NO_COLOR' env is ignored due to the 'FORCE_COLOR' env being set.
(Use `node --trace-warnings ...` to show where the warning was created)
  ✓   3 [chromium-tablet] › e2e/managed-identity-tenant-access.spec.ts:66:1 › A identity-only provisioning is optional and never rediscloses its credential (902ms)
  ✓   1 [chromium-laptop] › e2e/managed-identity-tenant-access.spec.ts:66:1 › A identity-only provisioning is optional and never rediscloses its credential (927ms)
  ✓   4 [chromium-narrow] › e2e/managed-identity-tenant-access.spec.ts:66:1 › A identity-only provisioning is optional and never rediscloses its credential (930ms)
  ✓   2 [chromium-desktop] › e2e/managed-identity-tenant-access.spec.ts:66:1 › A identity-only provisioning is optional and never rediscloses its credential (945ms)
  ✓   5 [chromium-tablet] › e2e/managed-identity-tenant-access.spec.ts:72:33 › B/C provision plus 1 runtime tenant roles, server refetch and duplicate click (679ms)
  ✓   7 [chromium-narrow] › e2e/managed-identity-tenant-access.spec.ts:72:33 › B/C provision plus 1 runtime tenant roles, server refetch and duplicate click (727ms)
  ✓   6 [chromium-laptop] › e2e/managed-identity-tenant-access.spec.ts:72:33 › B/C provision plus 1 runtime tenant roles, server refetch and duplicate click (742ms)
  ✓   8 [chromium-desktop] › e2e/managed-identity-tenant-access.spec.ts:72:33 › B/C provision plus 1 runtime tenant roles, server refetch and duplicate click (830ms)
  ✓   9 [chromium-tablet] › e2e/managed-identity-tenant-access.spec.ts:72:33 › B/C provision plus 2 runtime tenant roles, server refetch and duplicate click (713ms)
  ✓  11 [chromium-laptop] › e2e/managed-identity-tenant-access.spec.ts:72:33 › B/C provision plus 2 runtime tenant roles, server refetch and duplicate click (669ms)
  ✓  10 [chromium-narrow] › e2e/managed-identity-tenant-access.spec.ts:72:33 › B/C provision plus 2 runtime tenant roles, server refetch and duplicate click (698ms)
  ✓  12 [chromium-desktop] › e2e/managed-identity-tenant-access.spec.ts:72:33 › B/C provision plus 2 runtime tenant roles, server refetch and duplicate click (764ms)
  ✓  13 [chromium-tablet] › e2e/managed-identity-tenant-access.spec.ts:78:1 › D existing identity adds company access without reprovision or UUID labels (470ms)
  ✓  15 [chromium-narrow] › e2e/managed-identity-tenant-access.spec.ts:78:1 › D existing identity adds company access without reprovision or UUID labels (547ms)
  ✓  14 [chromium-laptop] › e2e/managed-identity-tenant-access.spec.ts:78:1 › D existing identity adds company access without reprovision or UUID labels (559ms)
  ✓  16 [chromium-desktop] › e2e/managed-identity-tenant-access.spec.ts:78:1 › D existing identity adds company access without reprovision or UUID labels (571ms)
  ✓  17 [chromium-tablet] › e2e/managed-identity-tenant-access.spec.ts:81:1 › E existing Membership displays current roles and adds roles without duplication (499ms)
  ✓  19 [chromium-laptop] › e2e/managed-identity-tenant-access.spec.ts:81:1 › E existing Membership displays current roles and adds roles without duplication (523ms)
  ✓  18 [chromium-narrow] › e2e/managed-identity-tenant-access.spec.ts:81:1 › E existing Membership displays current roles and adds roles without duplication (555ms)
  ✓  20 [chromium-desktop] › e2e/managed-identity-tenant-access.spec.ts:81:1 › E existing Membership displays current roles and adds roles without duplication (544ms)
  ✓  21 [chromium-tablet] › e2e/managed-identity-tenant-access.spec.ts:86:1 › F/G platform selector remains Platform-only and tenant catalog is loaded only for the selected company (511ms)
  ✓  22 [chromium-laptop] › e2e/managed-identity-tenant-access.spec.ts:86:1 › F/G platform selector remains Platform-only and tenant catalog is loaded only for the selected company (479ms)
  ✓  23 [chromium-narrow] › e2e/managed-identity-tenant-access.spec.ts:86:1 › F/G platform selector remains Platform-only and tenant catalog is loaded only for the selected company (575ms)
  ✓  24 [chromium-desktop] › e2e/managed-identity-tenant-access.spec.ts:86:1 › F/G platform selector remains Platform-only and tenant catalog is loaded only for the selected company (542ms)
  ✓  25 [chromium-tablet] › e2e/managed-identity-tenant-access.spec.ts:90:1 › J partial role failure retains identity and Membership, retry reuses exactly the original body/key (740ms)
  ✓  26 [chromium-laptop] › e2e/managed-identity-tenant-access.spec.ts:90:1 › J partial role failure retains identity and Membership, retry reuses exactly the original body/key (794ms)
  ✓  27 [chromium-narrow] › e2e/managed-identity-tenant-access.spec.ts:90:1 › J partial role failure retains identity and Membership, retry reuses exactly the original body/key (780ms)
  ✓  28 [chromium-desktop] › e2e/managed-identity-tenant-access.spec.ts:90:1 › J partial role failure retains identity and Membership, retry reuses exactly the original body/key (866ms)
  ✓  29 [chromium-tablet] › e2e/managed-identity-tenant-access.spec.ts:94:1 › K subscription denial explains the pending association and preserves the provisioned identity (612ms)
  ✓  30 [chromium-laptop] › e2e/managed-identity-tenant-access.spec.ts:94:1 › K subscription denial explains the pending association and preserves the provisioned identity (624ms)
  ✓  31 [chromium-narrow] › e2e/managed-identity-tenant-access.spec.ts:94:1 › K subscription denial explains the pending association and preserves the provisioned identity (640ms)
  ✓  32 [chromium-desktop] › e2e/managed-identity-tenant-access.spec.ts:94:1 › K subscription denial explains the pending association and preserves the provisioned identity (540ms)
  ✓  33 [chromium-tablet] › e2e/managed-identity-tenant-access.spec.ts:97:1 › server-read failure after success permits refresh without repeating a mutation (690ms)
  ✓  34 [chromium-laptop] › e2e/managed-identity-tenant-access.spec.ts:97:1 › server-read failure after success permits refresh without repeating a mutation (567ms)
  ✓  35 [chromium-narrow] › e2e/managed-identity-tenant-access.spec.ts:97:1 › server-read failure after success permits refresh without repeating a mutation (626ms)
  ✓  36 [chromium-desktop] › e2e/managed-identity-tenant-access.spec.ts:97:1 › server-read failure after success permits refresh without repeating a mutation (683ms)
  ✓  37 [chromium-tablet] › e2e/managed-identity-tenant-access.spec.ts:100:1 › effective permission revocation prevents the central POST without relying on role names (477ms)
  ✓  38 [chromium-laptop] › e2e/managed-identity-tenant-access.spec.ts:100:1 › effective permission revocation prevents the central POST without relying on role names (500ms)
  ✓  39 [chromium-narrow] › e2e/managed-identity-tenant-access.spec.ts:100:1 › effective permission revocation prevents the central POST without relying on role names (517ms)
  ✓  41 [chromium-tablet] › e2e/managed-identity-tenant-access.spec.ts:102:1 › missing effective central permission exposes reads but never onboarding actions (362ms)
  ✓  42 [chromium-laptop] › e2e/managed-identity-tenant-access.spec.ts:102:1 › missing effective central permission exposes reads but never onboarding actions (310ms)
  ✓  40 [chromium-desktop] › e2e/managed-identity-tenant-access.spec.ts:100:1 › effective permission revocation prevents the central POST without relying on role names (509ms)
  ✓  43 [chromium-narrow] › e2e/managed-identity-tenant-access.spec.ts:102:1 › missing effective central permission exposes reads but never onboarding actions (350ms)
  ✓  44 [chromium-tablet] › e2e/managed-identity-tenant-access.spec.ts:104:1 › tenant catalog contamination fails closed without a usable role or submit control (362ms)
  ✓  45 [chromium-laptop] › e2e/managed-identity-tenant-access.spec.ts:104:1 › tenant catalog contamination fails closed without a usable role or submit control (405ms)
  ✓  46 [chromium-desktop] › e2e/managed-identity-tenant-access.spec.ts:102:1 › missing effective central permission exposes reads but never onboarding actions (353ms)
  ✓  47 [chromium-narrow] › e2e/managed-identity-tenant-access.spec.ts:104:1 › tenant catalog contamination fails closed without a usable role or submit control (402ms)
  ✓  48 [chromium-tablet] › e2e/managed-identity-tenant-access.spec.ts:106:1 › governed tenant role revocation uses explicit target, ETag, reason, idempotency and canonical refetch (601ms)
  ✓  50 [chromium-desktop] › e2e/managed-identity-tenant-access.spec.ts:104:1 › tenant catalog contamination fails closed without a usable role or submit control (539ms)
  ✓  49 [chromium-laptop] › e2e/managed-identity-tenant-access.spec.ts:106:1 › governed tenant role revocation uses explicit target, ETag, reason, idempotency and canonical refetch (650ms)
  ✓  51 [chromium-narrow] › e2e/managed-identity-tenant-access.spec.ts:106:1 › governed tenant role revocation uses explicit target, ETag, reason, idempotency and canonical refetch (693ms)
  ✓  52 [chromium-tablet] › e2e/managed-identity-tenant-access.spec.ts:108:1 › M/N/O separated access sections preserve branding, responsive containment and keyboard focus (721ms)
  ✓  53 [chromium-desktop] › e2e/managed-identity-tenant-access.spec.ts:106:1 › governed tenant role revocation uses explicit target, ETag, reason, idempotency and canonical refetch (754ms)
  ✓  54 [chromium-laptop] › e2e/managed-identity-tenant-access.spec.ts:108:1 › M/N/O separated access sections preserve branding, responsive containment and keyboard focus (895ms)
  ✓  55 [chromium-narrow] › e2e/managed-identity-tenant-access.spec.ts:108:1 › M/N/O separated access sections preserve branding, responsive containment and keyboard focus (736ms)
  ✓  56 [chromium-desktop] › e2e/managed-identity-tenant-access.spec.ts:108:1 › M/N/O separated access sections preserve branding, responsive containment and keyboard focus (625ms)

  56 passed (10.7s)
