$ playwright test
[WebServer] npm warn Unknown env config "manage-package-manager-versions". This will stop working in the next major version of npm. See `npm help npmrc` for supported config options.
[WebServer] (node:98642) Warning: The 'NO_COLOR' env is ignored due to the 'FORCE_COLOR' env being set.
[WebServer] (Use `node --trace-warnings ...` to show where the warning was created)

Running 400 tests using 5 workers

(node:98651) Warning: The 'NO_COLOR' env is ignored due to the 'FORCE_COLOR' env being set.
(Use `node --trace-warnings ...` to show where the warning was created)
(node:98653) Warning: The 'NO_COLOR' env is ignored due to the 'FORCE_COLOR' env being set.
(Use `node --trace-warnings ...` to show where the warning was created)
(node:98650) Warning: The 'NO_COLOR' env is ignored due to the 'FORCE_COLOR' env being set.
(Use `node --trace-warnings ...` to show where the warning was created)
(node:98652) Warning: The 'NO_COLOR' env is ignored due to the 'FORCE_COLOR' env being set.
(Use `node --trace-warnings ...` to show where the warning was created)
(node:98654) Warning: The 'NO_COLOR' env is ignored due to the 'FORCE_COLOR' env being set.
(Use `node --trace-warnings ...` to show where the warning was created)
  ✓    2 [chromium-desktop] › e2e/managed-identity-ui.spec.ts:39:1 › login entry uses backend availability and fails closed for unknown response (756ms)
  ✓    1 [chromium-desktop] › e2e/platform-role-ui.spec.ts:58:1 › navigation, identity selection, empty state and catalog remain distinct from tenant roles (1.1s)
  ✓    4 [chromium-desktop] › e2e/branding.spec.ts:22:1 › login branding loads the packaged canonical logo after deep navigation and reload (1.2s)
  ✓    3 [chromium-desktop] › e2e/managed-identity-tenant-access.spec.ts:66:1 › A identity-only provisioning is optional and never rediscloses its credential (1.2s)
  ✓    6 [chromium-desktop] › e2e/managed-identity-ui.spec.ts:54:1 › Managed Identity entry opens the separate approved IAM flow without a GRC password form (395ms)
  ✓    5 [chromium-desktop] › e2e/tenant-onboarding-ui.spec.ts:90:1 › A: company with existing identity uses exact onboarding boundary, refetch and no manual IDs (1.2s)
  ✓   10 [chromium-desktop] › e2e/managed-identity-ui.spec.ts:70:1 › permission projection governs MI controls; roles and tenant context grant none (477ms)
  ✓    8 [chromium-desktop] › e2e/branding.spec.ts:43:1 › dashboard branding uses the same logo with responsive navigation (805ms)
  ✓    7 [chromium-desktop] › e2e/platform-role-ui.spec.ts:74:1 › assign and revoke send exact IDs/payloads/fresh keys and refetch server state without optimistic authority (963ms)
  ✓    9 [chromium-desktop] › e2e/managed-identity-tenant-access.spec.ts:72:33 › B/C provision plus 1 runtime tenant roles, server refetch and duplicate click (990ms)
  ✓   12 [chromium-desktop] › e2e/managed-identity-ui.spec.ts:84:1 › create permission emits a one-time credential only in the result view (755ms)
  ✓   13 [chromium-desktop] › e2e/platform-role-ui.spec.ts:95:1 › role-name and tenant grants cannot expose admin actions without effective platform permission (322ms)
  ✓   11 [chromium-desktop] › e2e/tenant-onboarding-ui.spec.ts:99:1 › B: MI provisioning reuses one-time disclosure across summary, partial failure and same-key recovery (1.2s)
(node:98686) Warning: The 'NO_COLOR' env is ignored due to the 'FORCE_COLOR' env being set.
(Use `node --trace-warnings ...` to show where the warning was created)
  ✓   16 [chromium-desktop] › e2e/platform-role-ui.spec.ts:100:1 › missing catalog permission never supplies a hardcoded option while revoke remains independent (353ms)
  ✓   15 [chromium-desktop] › e2e/managed-identity-ui.spec.ts:124:1 › provision replay exposes metadata without a credential or automatic reset (444ms)
  ✓   14 [chromium-desktop] › e2e/managed-identity-tenant-access.spec.ts:72:33 › B/C provision plus 2 runtime tenant roles, server refetch and duplicate click (896ms)
  ✓   17 [chromium-desktop] › e2e/tenant-onboarding-ui.spec.ts:113:1 › C: tenant explicit lookup, runtime role catalog, membership and server refetch (799ms)
  ✓   19 [chromium-desktop] › e2e/platform-role-ui.spec.ts:106:1 › fresh permission revocation prevents POST even after opening the confirmation (593ms)
  ✓   18 [chromium-desktop] › e2e/core-grc-ui.spec.ts:140:1 › Control base selector resolves an authorized ControlVersion without a human UUID field (916ms)
  ✓   22 [chromium-desktop] › e2e/tenant-onboarding-ui.spec.ts:121:1 › D: tenant new Managed Identity is handoff, never credential provisioning (601ms)
  ✓   21 [chromium-desktop] › e2e/managed-identity-tenant-access.spec.ts:78:1 › D existing identity adds company access without reprovision or UUID labels (794ms)
  ✓   23 [chromium-desktop] › e2e/platform-role-ui.spec.ts:112:43 › assignment read 400 is an error rather than an empty collection (548ms)
  ✓   20 [chromium-desktop] › e2e/managed-identity-ui.spec.ts:144:1 › password reset recovery requires a new explicit action and fresh key (1.2s)
  ✓   24 [chromium-desktop] › e2e/core-grc-ui.spec.ts:162:1 › Control catalog filters by an effective contracted framework (499ms)
  ✓   27 [chromium-desktop] › e2e/platform-role-ui.spec.ts:112:43 › assignment read 401 is an error rather than an empty collection (505ms)
  ✓   26 [chromium-desktop] › e2e/managed-identity-tenant-access.spec.ts:81:1 › E existing Membership displays current roles and adds roles without duplication (890ms)
  ✓   30 [chromium-desktop] › e2e/platform-role-ui.spec.ts:112:43 › assignment read 403 is an error rather than an empty collection (546ms)
  ✓   25 [chromium-desktop] › e2e/tenant-onboarding-ui.spec.ts:126:1 › E: partial roles recover only failed assignment with stable key and no repeated Membership (1.2s)
  ✓   29 [chromium-desktop] › e2e/core-grc-ui.spec.ts:179:1 › Applicability offers only the approved decisions and requires a No aplica rationale (757ms)
  ✓   28 [chromium-desktop] › e2e/managed-identity-ui.spec.ts:177:1 › password reset original discloses once and a replay response omits the credential (1.1s)
  ✓   32 [chromium-desktop] › e2e/platform-role-ui.spec.ts:112:43 › assignment read 404 is an error rather than an empty collection (420ms)
  ✓   31 [chromium-desktop] › e2e/managed-identity-tenant-access.spec.ts:86:1 › F/G platform selector remains Platform-only and tenant catalog is loaded only for the selected company (720ms)
  ✓   33 [chromium-desktop] › e2e/tenant-onboarding-ui.spec.ts:132:1 › F: tenant privacy has explicit lookup only, no typing requests, wildcard or global list (492ms)
  ✓   34 [chromium-desktop] › e2e/core-grc-ui.spec.ts:192:1 › Tenant Admin sees own contracted frameworks without commercial commands (616ms)
  ✓   36 [chromium-desktop] › e2e/platform-role-ui.spec.ts:112:43 › assignment read 409 is an error rather than an empty collection (462ms)
  ✓   38 [chromium-desktop] › e2e/tenant-onboarding-ui.spec.ts:140:1 › existing active Membership is reused and its roles assigned independently (667ms)
  ✓   39 [chromium-desktop] › e2e/core-grc-ui.spec.ts:201:1 › Tenant Admin reads validation access without platform actions (590ms)
  ✓   40 [chromium-desktop] › e2e/platform-role-ui.spec.ts:118:1 › catalog failure stays unavailable and does not fabricate options (344ms)
  ✓   41 [chromium-desktop] › e2e/tenant-onboarding-ui.spec.ts:144:1 › platform authority and display role metadata confer no tenant create action (189ms)
  ✓   35 [chromium-desktop] › e2e/managed-identity-ui.spec.ts:205:1 › administrative lifecycle actions require a reason and distinct intentions (1.3s)
  ✓   37 [chromium-desktop] › e2e/managed-identity-tenant-access.spec.ts:90:1 › J partial role failure retains identity and Membership, retry reuses exactly the original body/key (1.0s)
  ✓   43 [chromium-desktop] › e2e/platform-role-ui.spec.ts:122:1 › last platform administrator conflict preserves the exact server-rendered assignment (680ms)
  ✓   45 [chromium-desktop] › e2e/managed-identity-ui.spec.ts:238:1 › tenant admin and a Platform role name without projected permission cannot enter MI (454ms)
  ✓   44 [chromium-desktop] › e2e/tenant-onboarding-ui.spec.ts:147:1 › company required fields, timezone error and back navigation keep business inputs (693ms)
  ✓   48 [chromium-desktop] › e2e/managed-identity-ui.spec.ts:249:1 › failed permission projection clears MI presentation eligibility (347ms)
  ✓   42 [chromium-desktop] › e2e/core-grc-ui.spec.ts:221:1 › Platform Admin creates exact non-authoritative access from canonical candidates (1.2s)
  ✓   46 [chromium-desktop] › e2e/managed-identity-tenant-access.spec.ts:94:1 › K subscription denial explains the pending association and preserves the provisioned identity (986ms)
  ✓   47 [chromium-desktop] › e2e/platform-role-ui.spec.ts:130:1 › uncertain transport result blocks retries until explicit server read and a new intention (984ms)
  ✓   52 [chromium-desktop] › e2e/managed-identity-tenant-access.spec.ts:97:1 › server-read failure after success permits refresh without repeating a mutation (924ms)
  ✓   51 [chromium-desktop] › e2e/core-grc-ui.spec.ts:298:1 › Candidate empty and error states have no manual ID fallback (979ms)
  ✓   50 [chromium-desktop] › e2e/managed-identity-ui.spec.ts:259:1 › MI7 safe surfaces keep labels, focus and supported viewport layout (1.2s)
  ✓   49 [chromium-desktop] › e2e/tenant-onboarding-ui.spec.ts:153:1 › G: dual platform and own-tenant authority supports both operations with distinct contexts (1.5s)
  ✓   53 [chromium-desktop] › e2e/platform-role-ui.spec.ts:141:1 › successful POST with failed refetch never inserts authoritative optimistic state (963ms)
  ✓   56 [chromium-desktop] › e2e/tenant-onboarding-ui.spec.ts:160:1 › H: platform-only projection includes role permission but never enables tenant assign (390ms)
  ✓   54 [chromium-desktop] › e2e/managed-identity-tenant-access.spec.ts:100:1 › effective permission revocation prevents the central POST without relying on role names (606ms)
  ✓   57 [chromium-desktop] › e2e/tenant-onboarding-ui.spec.ts:168:1 › wrong tenant projection cannot enable tenant incorporation or assignment (261ms)
(node:98744) Warning: The 'NO_COLOR' env is ignored due to the 'FORCE_COLOR' env being set.
(Use `node --trace-warnings ...` to show where the warning was created)
  ✓   55 [chromium-desktop] › e2e/core-grc-ui.spec.ts:319:3 › Validation CREATE 400 displays the canonical denial and preserves list authority (926ms)
  ✓   58 [chromium-desktop] › e2e/managed-identity-tenant-access.spec.ts:102:1 › missing effective central permission exposes reads but never onboarding actions (350ms)
(node:98745) Warning: The 'NO_COLOR' env is ignored due to the 'FORCE_COLOR' env being set.
(Use `node --trace-warnings ...` to show where the warning was created)
  ✓   59 [chromium-desktop] › e2e/tenant-onboarding-ui.spec.ts:173:39 › tenant own-context revoke preserves reason, CAS, idempotency and server refresh (417ms)
  ✓   62 [chromium-desktop] › e2e/managed-identity-tenant-access.spec.ts:104:1 › tenant catalog contamination fails closed without a usable role or submit control (677ms)
  ✓   63 [chromium-desktop] › e2e/tenant-onboarding-ui.spec.ts:173:39 › platform explicit target revoke preserves reason, CAS, idempotency and server refresh (600ms)
  ✓   61 [chromium-desktop] › e2e/core-grc-ui.spec.ts:319:3 › Validation CREATE 401 displays the canonical denial and preserves list authority (937ms)
  ✓   60 [chromium-laptop] › e2e/branding.spec.ts:22:1 › login branding loads the packaged canonical logo after deep navigation and reload (1.0s)
  ✓   65 [chromium-desktop] › e2e/managed-identity-tenant-access.spec.ts:106:1 › governed tenant role revocation uses explicit target, ETag, reason, idempotency and canonical refetch (839ms)
  ✓   64 [chromium-laptop] › e2e/managed-identity-tenant-access.spec.ts:66:1 › A identity-only provisioning is optional and never rediscloses its credential (1.1s)
  ✓   66 [chromium-desktop] › e2e/tenant-onboarding-ui.spec.ts:182:1 › server receipt remains truthful if list refresh fails and is reconciled without another onboarding (1.0s)
  ✓   68 [chromium-laptop] › e2e/branding.spec.ts:43:1 › dashboard branding uses the same logo with responsive navigation (782ms)
  ✓   67 [chromium-desktop] › e2e/core-grc-ui.spec.ts:319:3 › Validation CREATE 403 displays the canonical denial and preserves list authority (1.1s)
  ✓   69 [chromium-desktop] › e2e/managed-identity-tenant-access.spec.ts:108:1 › M/N/O separated access sections preserve branding, responsive containment and keyboard focus (680ms)
  ✓   72 [chromium-laptop] › e2e/managed-identity-ui.spec.ts:39:1 › login entry uses backend availability and fails closed for unknown response (379ms)
  ✓   70 [chromium-laptop] › e2e/managed-identity-tenant-access.spec.ts:72:33 › B/C provision plus 1 runtime tenant roles, server refetch and duplicate click (917ms)
  ✓   71 [chromium-desktop] › e2e/tenant-onboarding-ui.spec.ts:190:1 › accepted role response without server assignment stays pending, then retries same intent (847ms)
  ✓   74 [chromium-laptop] › e2e/managed-identity-ui.spec.ts:54:1 › Managed Identity entry opens the separate approved IAM flow without a GRC password form (334ms)
(node:98769) Warning: The 'NO_COLOR' env is ignored due to the 'FORCE_COLOR' env being set.
(Use `node --trace-warnings ...` to show where the warning was created)
  ✓   73 [chromium-desktop] › e2e/core-grc-ui.spec.ts:319:3 › Validation CREATE 404 displays the canonical denial and preserves list authority (908ms)
  ✓   77 [chromium-laptop] › e2e/managed-identity-ui.spec.ts:70:1 › permission projection governs MI controls; roles and tenant context grant none (509ms)
  ✓   75 [chromium-laptop] › e2e/managed-identity-tenant-access.spec.ts:72:33 › B/C provision plus 2 runtime tenant roles, server refetch and duplicate click (882ms)
  ✓   76 [chromium-desktop] › e2e/tenant-onboarding-ui.spec.ts:198:1 › closing provisioned identity before onboarding retains identity and destroys credential disclosure (835ms)
  ✓   78 [chromium-desktop] › e2e/core-grc-ui.spec.ts:319:3 › Validation CREATE 409 displays the canonical denial and preserves list authority (913ms)
  ✓   80 [chromium-laptop] › e2e/managed-identity-ui.spec.ts:84:1 › create permission emits a one-time credential only in the result view (789ms)
  ✓   79 [chromium-laptop] › e2e/platform-role-ui.spec.ts:58:1 › navigation, identity selection, empty state and catalog remain distinct from tenant roles (846ms)
  ✓   81 [chromium-laptop] › e2e/managed-identity-tenant-access.spec.ts:78:1 › D existing identity adds company access without reprovision or UUID labels (732ms)
  ✓   84 [chromium-laptop] › e2e/managed-identity-ui.spec.ts:124:1 › provision replay exposes metadata without a credential or automatic reset (575ms)
  ✓   82 [chromium-desktop] › e2e/tenant-onboarding-ui.spec.ts:208:39 › onboarding 403 shows safe business error and keeps the original retry key (1.2s)
  ✓   83 [chromium-desktop] › e2e/core-grc-ui.spec.ts:354:1 › Validation CREATE ignores a repeated click while the POST is pending (1.0s)
  ✓   86 [chromium-laptop] › e2e/managed-identity-tenant-access.spec.ts:81:1 › E existing Membership displays current roles and adds roles without duplication (874ms)
  ✓   85 [chromium-laptop] › e2e/platform-role-ui.spec.ts:74:1 › assign and revoke send exact IDs/payloads/fresh keys and refetch server state without optimistic authority (1.1s)
  ✓   87 [chromium-laptop] › e2e/managed-identity-ui.spec.ts:144:1 › password reset recovery requires a new explicit action and fresh key (1.1s)
  ✓   91 [chromium-laptop] › e2e/platform-role-ui.spec.ts:95:1 › role-name and tenant grants cannot expose admin actions without effective platform permission (647ms)
  ✓   88 [chromium-desktop] › e2e/tenant-onboarding-ui.spec.ts:208:39 › onboarding 409 shows safe business error and keeps the original retry key (1.2s)
  ✓   90 [chromium-laptop] › e2e/managed-identity-tenant-access.spec.ts:86:1 › F/G platform selector remains Platform-only and tenant catalog is loaded only for the selected company (863ms)
  ✓   89 [chromium-desktop] › e2e/core-grc-ui.spec.ts:380:1 › Platform Admin revokes validation access with reason, CAS and a local refresh (1.3s)
  ✓   93 [chromium-laptop] › e2e/platform-role-ui.spec.ts:100:1 › missing catalog permission never supplies a hardcoded option while revoke remains independent (462ms)
  ✓   92 [chromium-laptop] › e2e/managed-identity-ui.spec.ts:177:1 › password reset original discloses once and a replay response omits the credential (1.1s)
  ✓   97 [chromium-laptop] › e2e/platform-role-ui.spec.ts:106:1 › fresh permission revocation prevents POST even after opening the confirmation (693ms)
  ✓   94 [chromium-desktop] › e2e/tenant-onboarding-ui.spec.ts:208:39 › onboarding 422 shows safe business error and keeps the original retry key (1.2s)
  ✓   95 [chromium-laptop] › e2e/managed-identity-tenant-access.spec.ts:90:1 › J partial role failure retains identity and Membership, retry reuses exactly the original body/key (1.2s)
  ✓   96 [chromium-desktop] › e2e/core-grc-ui.spec.ts:422:1 › Platform Admin sees a validation access conflict without a false success (951ms)
  ✓   99 [chromium-laptop] › e2e/platform-role-ui.spec.ts:112:43 › assignment read 400 is an error rather than an empty collection (422ms)
  ✓  103 [chromium-laptop] › e2e/platform-role-ui.spec.ts:112:43 › assignment read 401 is an error rather than an empty collection (438ms)
  ✓  101 [chromium-laptop] › e2e/managed-identity-tenant-access.spec.ts:94:1 › K subscription denial explains the pending association and preserves the provisioned identity (869ms)
  ✓  102 [chromium-desktop] › e2e/core-grc-ui.spec.ts:447:1 › Tenant Admin creates a canonical Subject in company settings (957ms)
  ✓   98 [chromium-laptop] › e2e/managed-identity-ui.spec.ts:205:1 › administrative lifecycle actions require a reason and distinct intentions (1.3s)
  ✓  104 [chromium-laptop] › e2e/platform-role-ui.spec.ts:112:43 › assignment read 403 is an error rather than an empty collection (374ms)
  ✓  107 [chromium-laptop] › e2e/managed-identity-ui.spec.ts:238:1 › tenant admin and a Platform role name without projected permission cannot enter MI (329ms)
  ✓  100 [chromium-desktop] › e2e/tenant-onboarding-ui.spec.ts:215:1 › I/J: branding, keyboard steps, labels, focus return and responsive tenant form (1.5s)
  ✓  105 [chromium-laptop] › e2e/managed-identity-tenant-access.spec.ts:97:1 › server-read failure after success permits refresh without repeating a mutation (974ms)
  ✓  108 [chromium-laptop] › e2e/platform-role-ui.spec.ts:112:43 › assignment read 404 is an error rather than an empty collection (591ms)
  ✓  109 [chromium-laptop] › e2e/managed-identity-ui.spec.ts:249:1 › failed permission projection clears MI presentation eligibility (610ms)
  ✓  106 [chromium-desktop] › e2e/core-grc-ui.spec.ts:459:1 › QA validation content displays its condition and keeps filters tenant-scoped (1.4s)
  ✓  110 [chromium-desktop] › e2e/tenant-onboarding-ui.spec.ts:230:1 › dual actor without platform revoke permission uses own tenant authority, never promotes platform read (997ms)
  ✓  112 [chromium-laptop] › e2e/platform-role-ui.spec.ts:112:43 › assignment read 409 is an error rather than an empty collection (600ms)
  ✓  111 [chromium-laptop] › e2e/managed-identity-tenant-access.spec.ts:100:1 › effective permission revocation prevents the central POST without relying on role names (1.1s)
  ✓  116 [chromium-laptop] › e2e/platform-role-ui.spec.ts:118:1 › catalog failure stays unavailable and does not fabricate options (619ms)
  ✓  114 [chromium-desktop] › e2e/core-grc-ui.spec.ts:487:1 › login surface exposes the governed OIDC entry point (806ms)
  ✓  113 [chromium-laptop] › e2e/managed-identity-ui.spec.ts:259:1 › MI7 safe surfaces keep labels, focus and supported viewport layout (1.6s)
  ✓  115 [chromium-desktop] › e2e/tenant-onboarding-ui.spec.ts:236:1 › lost revoke response reconciles ended server state without a second mutation (1.2s)
  ✓  117 [chromium-laptop] › e2e/managed-identity-tenant-access.spec.ts:102:1 › missing effective central permission exposes reads but never onboarding actions (746ms)
  ✓  118 [chromium-laptop] › e2e/platform-role-ui.spec.ts:122:1 › last platform administrator conflict preserves the exact server-rendered assignment (770ms)
  ✓  120 [chromium-desktop] › e2e/tenant-onboarding-ui.spec.ts:243:1 › membership dialog traps keyboard focus, Escape restores detail trigger (432ms)
  ✓  122 [chromium-laptop] › e2e/managed-identity-tenant-access.spec.ts:104:1 › tenant catalog contamination fails closed without a usable role or submit control (523ms)
  ✓  119 [chromium-desktop] › e2e/core-grc-ui.spec.ts:501:1 › invitation entry clears the one-time token from the visible URL (1.0s)
  ✓  121 [chromium-laptop] › e2e/tenant-onboarding-ui.spec.ts:90:1 › A: company with existing identity uses exact onboarding boundary, refetch and no manual IDs (820ms)
  ✓  123 [chromium-laptop] › e2e/platform-role-ui.spec.ts:130:1 › uncertain transport result blocks retries until explicit server read and a new intention (781ms)
  ✓  124 [chromium-desktop] › e2e/tenant-onboarding-ui.spec.ts:252:1 › dual actor reads own memberships and catalog using tenant grants when platform read grants are absent (641ms)
  ✓  125 [chromium-laptop] › e2e/managed-identity-tenant-access.spec.ts:106:1 › governed tenant role revocation uses explicit target, ETag, reason, idempotency and canonical refetch (592ms)
  ✓  128 [chromium-laptop] › e2e/platform-role-ui.spec.ts:141:1 › successful POST with failed refetch never inserts authoritative optimistic state (768ms)
  ✓  126 [chromium-desktop] › e2e/core-grc-ui.spec.ts:514:1 › platform admin can generate a Zoho invitation without automatic roles (1.2s)
  ✓  129 [chromium-laptop] › e2e/managed-identity-tenant-access.spec.ts:108:1 › M/N/O separated access sections preserve branding, responsive containment and keyboard focus (735ms)
(node:98927) Warning: The 'NO_COLOR' env is ignored due to the 'FORCE_COLOR' env being set.
(Use `node --trace-warnings ...` to show where the warning was created)
  ✓  127 [chromium-laptop] › e2e/tenant-onboarding-ui.spec.ts:99:1 › B: MI provisioning reuses one-time disclosure across summary, partial failure and same-key recovery (1.2s)
(node:98929) Warning: The 'NO_COLOR' env is ignored due to the 'FORCE_COLOR' env being set.
(Use `node --trace-warnings ...` to show where the warning was created)
(node:98931) Warning: The 'NO_COLOR' env is ignored due to the 'FORCE_COLOR' env being set.
(Use `node --trace-warnings ...` to show where the warning was created)
  ✓  130 [chromium-desktop] › e2e/core-grc-ui.spec.ts:533:1 › Platform companies and tenant users expose the canonical administrative flow (999ms)
  ✓  132 [chromium-laptop] › e2e/tenant-onboarding-ui.spec.ts:113:1 › C: tenant explicit lookup, runtime role catalog, membership and server refetch (813ms)
  ✓  131 [chromium-laptop] › e2e/core-grc-ui.spec.ts:140:1 › Control base selector resolves an authorized ControlVersion without a human UUID field (876ms)
  ✓  136 [chromium-laptop] › e2e/tenant-onboarding-ui.spec.ts:121:1 › D: tenant new Managed Identity is handoff, never credential provisioning (555ms)
  ✓  133 [chromium-tablet] › e2e/branding.spec.ts:22:1 › login branding loads the packaged canonical logo after deep navigation and reload (761ms)
  ✓  135 [chromium-desktop] › e2e/core-grc-ui.spec.ts:558:1 › removing one tenant role requires human confirmation and preserves the other (784ms)
  ✓  137 [chromium-laptop] › e2e/core-grc-ui.spec.ts:162:1 › Control catalog filters by an effective contracted framework (633ms)
  ✓  134 [chromium-tablet] › e2e/managed-identity-tenant-access.spec.ts:66:1 › A identity-only provisioning is optional and never rediscloses its credential (794ms)
  ✓  139 [chromium-tablet] › e2e/branding.spec.ts:43:1 › dashboard branding uses the same logo with responsive navigation (676ms)
  ✓  138 [chromium-laptop] › e2e/tenant-onboarding-ui.spec.ts:126:1 › E: partial roles recover only failed assignment with stable key and no repeated Membership (898ms)
  ✓  140 [chromium-desktop] › e2e/core-grc-ui.spec.ts:609:1 › dashboard visual contract, drill-down and accessibility (721ms)
  ✓  141 [chromium-laptop] › e2e/core-grc-ui.spec.ts:179:1 › Applicability offers only the approved decisions and requires a No aplica rationale (716ms)
  ✓  143 [chromium-tablet] › e2e/managed-identity-ui.spec.ts:39:1 › login entry uses backend availability and fails closed for unknown response (420ms)
  ✓  142 [chromium-tablet] › e2e/managed-identity-tenant-access.spec.ts:72:33 › B/C provision plus 1 runtime tenant roles, server refetch and duplicate click (872ms)
  ✓  144 [chromium-laptop] › e2e/tenant-onboarding-ui.spec.ts:132:1 › F: tenant privacy has explicit lookup only, no typing requests, wildcard or global list (481ms)
  ✓  145 [chromium-desktop] › e2e/core-grc-ui.spec.ts:651:3 › Aplicabilidad mantiene la baseline comercial en español (598ms)
  ✓  147 [chromium-tablet] › e2e/managed-identity-ui.spec.ts:54:1 › Managed Identity entry opens the separate approved IAM flow without a GRC password form (317ms)
  ✓  146 [chromium-laptop] › e2e/core-grc-ui.spec.ts:192:1 › Tenant Admin sees own contracted frameworks without commercial commands (537ms)
  ✓  151 [chromium-tablet] › e2e/managed-identity-ui.spec.ts:70:1 › permission projection governs MI controls; roles and tenant context grant none (411ms)
  ✓  149 [chromium-laptop] › e2e/tenant-onboarding-ui.spec.ts:140:1 › existing active Membership is reused and its roles assigned independently (701ms)
  ✓  150 [chromium-desktop] › e2e/core-grc-ui.spec.ts:651:3 › Evaluaciones de requisitos mantiene la baseline comercial en español (590ms)
  ✓  152 [chromium-laptop] › e2e/core-grc-ui.spec.ts:201:1 › Tenant Admin reads validation access without platform actions (554ms)
  ✓  148 [chromium-tablet] › e2e/managed-identity-tenant-access.spec.ts:72:33 › B/C provision plus 2 runtime tenant roles, server refetch and duplicate click (939ms)
  ✓  154 [chromium-laptop] › e2e/tenant-onboarding-ui.spec.ts:144:1 › platform authority and display role metadata confer no tenant create action (221ms)
  ✓  153 [chromium-tablet] › e2e/managed-identity-ui.spec.ts:84:1 › create permission emits a one-time credential only in the result view (746ms)
  ✓  155 [chromium-desktop] › e2e/core-grc-ui.spec.ts:651:3 › Declaración de aplicabilidad mantiene la baseline comercial en español (707ms)
  ✓  157 [chromium-tablet] › e2e/managed-identity-tenant-access.spec.ts:78:1 › D existing identity adds company access without reprovision or UUID labels (669ms)
  ✓  158 [chromium-laptop] › e2e/tenant-onboarding-ui.spec.ts:147:1 › company required fields, timezone error and back navigation keep business inputs (562ms)
  ✓  156 [chromium-laptop] › e2e/core-grc-ui.spec.ts:221:1 › Platform Admin creates exact non-authoritative access from canonical candidates (1.1s)
  ✓  159 [chromium-tablet] › e2e/managed-identity-ui.spec.ts:124:1 › provision replay exposes metadata without a credential or automatic reset (498ms)
  ✓  160 [chromium-desktop] › e2e/core-grc-ui.spec.ts:651:3 › Controles mantiene la baseline comercial en español (595ms)
  ✓  161 [chromium-tablet] › e2e/managed-identity-tenant-access.spec.ts:81:1 › E existing Membership displays current roles and adds roles without duplication (693ms)
  ✓  165 [chromium-desktop] › e2e/core-grc-ui.spec.ts:651:3 › Evaluaciones de control mantiene la baseline comercial en español (555ms)
  ✓  163 [chromium-laptop] › e2e/core-grc-ui.spec.ts:298:1 › Candidate empty and error states have no manual ID fallback (804ms)
  ✓  164 [chromium-tablet] › e2e/managed-identity-ui.spec.ts:144:1 › password reset recovery requires a new explicit action and fresh key (933ms)
  ✓  166 [chromium-tablet] › e2e/managed-identity-tenant-access.spec.ts:86:1 › F/G platform selector remains Platform-only and tenant catalog is loaded only for the selected company (592ms)
  ✓  162 [chromium-laptop] › e2e/tenant-onboarding-ui.spec.ts:153:1 › G: dual platform and own-tenant authority supports both operations with distinct contexts (1.4s)
  ✓  167 [chromium-desktop] › e2e/core-grc-ui.spec.ts:651:3 › Pruebas de aseguramiento mantiene la baseline comercial en español (712ms)
  ✓  171 [chromium-laptop] › e2e/tenant-onboarding-ui.spec.ts:160:1 › H: platform-only projection includes role permission but never enables tenant assign (496ms)
  ✓  168 [chromium-laptop] › e2e/core-grc-ui.spec.ts:319:3 › Validation CREATE 400 displays the canonical denial and preserves list authority (879ms)
  ✓  169 [chromium-tablet] › e2e/managed-identity-ui.spec.ts:177:1 › password reset original discloses once and a replay response omits the credential (856ms)
  ✓  173 [chromium-laptop] › e2e/tenant-onboarding-ui.spec.ts:168:1 › wrong tenant projection cannot enable tenant incorporation or assignment (282ms)
  ✓  170 [chromium-tablet] › e2e/managed-identity-tenant-access.spec.ts:90:1 › J partial role failure retains identity and Membership, retry reuses exactly the original body/key (948ms)
  ✓  172 [chromium-desktop] › e2e/core-grc-ui.spec.ts:651:3 › Solicitudes de evidencia mantiene la baseline comercial en español (599ms)
  ✓  176 [chromium-laptop] › e2e/tenant-onboarding-ui.spec.ts:173:39 › tenant own-context revoke preserves reason, CAS, idempotency and server refresh (606ms)
  ✓  174 [chromium-laptop] › e2e/core-grc-ui.spec.ts:319:3 › Validation CREATE 401 displays the canonical denial and preserves list authority (862ms)
  ✓  177 [chromium-tablet] › e2e/managed-identity-tenant-access.spec.ts:94:1 › K subscription denial explains the pending association and preserves the provisioned identity (789ms)
  ✓  178 [chromium-desktop] › e2e/core-grc-ui.spec.ts:651:3 › Evidencias mantiene la baseline comercial en español (665ms)
  ✓  179 [chromium-laptop] › e2e/tenant-onboarding-ui.spec.ts:173:39 › platform explicit target revoke preserves reason, CAS, idempotency and server refresh (412ms)
  ✓  175 [chromium-tablet] › e2e/managed-identity-ui.spec.ts:205:1 › administrative lifecycle actions require a reason and distinct intentions (1.2s)
  ✓  180 [chromium-laptop] › e2e/core-grc-ui.spec.ts:319:3 › Validation CREATE 403 displays the canonical denial and preserves list authority (715ms)
  ✓  184 [chromium-tablet] › e2e/managed-identity-ui.spec.ts:238:1 › tenant admin and a Platform role name without projected permission cannot enter MI (256ms)
  ✓  181 [chromium-tablet] › e2e/managed-identity-tenant-access.spec.ts:97:1 › server-read failure after success permits refresh without repeating a mutation (693ms)
  ✓  183 [chromium-laptop] › e2e/tenant-onboarding-ui.spec.ts:182:1 › server receipt remains truthful if list refresh fails and is reconciled without another onboarding (649ms)
  ✓  182 [chromium-desktop] › e2e/core-grc-ui.spec.ts:651:3 › Políticas de retención mantiene la baseline comercial en español (740ms)
  ✓  186 [chromium-tablet] › e2e/managed-identity-ui.spec.ts:249:1 › failed permission projection clears MI presentation eligibility (214ms)
  ✓  187 [chromium-tablet] › e2e/managed-identity-tenant-access.spec.ts:100:1 › effective permission revocation prevents the central POST without relying on role names (560ms)
  ✓  185 [chromium-laptop] › e2e/core-grc-ui.spec.ts:319:3 › Validation CREATE 404 displays the canonical denial and preserves list authority (766ms)
  ✓  189 [chromium-desktop] › e2e/core-grc-ui.spec.ts:651:3 › Hallazgos y brechas mantiene la baseline comercial en español (676ms)
  ✓  188 [chromium-laptop] › e2e/tenant-onboarding-ui.spec.ts:190:1 › accepted role response without server assignment stays pending, then retries same intent (742ms)
  ✓  191 [chromium-tablet] › e2e/managed-identity-tenant-access.spec.ts:102:1 › missing effective central permission exposes reads but never onboarding actions (412ms)
  ✓  190 [chromium-tablet] › e2e/managed-identity-ui.spec.ts:259:1 › MI7 safe surfaces keep labels, focus and supported viewport layout (927ms)
  ✓  192 [chromium-laptop] › e2e/core-grc-ui.spec.ts:319:3 › Validation CREATE 409 displays the canonical denial and preserves list authority (777ms)
  ✓  195 [chromium-tablet] › e2e/managed-identity-tenant-access.spec.ts:104:1 › tenant catalog contamination fails closed without a usable role or submit control (525ms)
  ✓  193 [chromium-desktop] › e2e/core-grc-ui.spec.ts:651:3 › Acciones mantiene la baseline comercial en español (793ms)
  ✓  194 [chromium-laptop] › e2e/tenant-onboarding-ui.spec.ts:198:1 › closing provisioned identity before onboarding retains identity and destroys credential disclosure (773ms)
  ✓  196 [chromium-tablet] › e2e/platform-role-ui.spec.ts:58:1 › navigation, identity selection, empty state and catalog remain distinct from tenant roles (708ms)
  ✓  198 [chromium-tablet] › e2e/managed-identity-tenant-access.spec.ts:106:1 › governed tenant role revocation uses explicit target, ETag, reason, idempotency and canonical refetch (499ms)
  ✓  197 [chromium-laptop] › e2e/core-grc-ui.spec.ts:354:1 › Validation CREATE ignores a repeated click while the POST is pending (757ms)
(node:99021) Warning: The 'NO_COLOR' env is ignored due to the 'FORCE_COLOR' env being set.
(Use `node --trace-warnings ...` to show where the warning was created)
  ✓  199 [chromium-laptop] › e2e/tenant-onboarding-ui.spec.ts:208:39 › onboarding 403 shows safe business error and keeps the original retry key (810ms)
  ✓  201 [chromium-tablet] › e2e/managed-identity-tenant-access.spec.ts:108:1 › M/N/O separated access sections preserve branding, responsive containment and keyboard focus (445ms)
  ✓  200 [chromium-tablet] › e2e/platform-role-ui.spec.ts:74:1 › assign and revoke send exact IDs/payloads/fresh keys and refetch server state without optimistic authority (699ms)
  ✓  205 [chromium-tablet] › e2e/platform-role-ui.spec.ts:95:1 › role-name and tenant grants cannot expose admin actions without effective platform permission (357ms)
  ✓  202 [chromium-laptop] › e2e/core-grc-ui.spec.ts:380:1 › Platform Admin revokes validation access with reason, CAS and a local refresh (721ms)
(node:99029) Warning: The 'NO_COLOR' env is ignored due to the 'FORCE_COLOR' env being set.
(Use `node --trace-warnings ...` to show where the warning was created)
  ✓  206 [chromium-tablet] › e2e/platform-role-ui.spec.ts:100:1 › missing catalog permission never supplies a hardcoded option while revoke remains independent (274ms)
  ✓  204 [chromium-laptop] › e2e/tenant-onboarding-ui.spec.ts:208:39 › onboarding 409 shows safe business error and keeps the original retry key (822ms)
  ✓  203 [chromium-tablet] › e2e/tenant-onboarding-ui.spec.ts:90:1 › A: company with existing identity uses exact onboarding boundary, refetch and no manual IDs (776ms)
  ✓  207 [chromium-laptop] › e2e/core-grc-ui.spec.ts:422:1 › Platform Admin sees a validation access conflict without a false success (639ms)
  ✓  209 [chromium-tablet] › e2e/platform-role-ui.spec.ts:106:1 › fresh permission revocation prevents POST even after opening the confirmation (580ms)
  ✓  208 [chromium-tablet] › e2e/core-grc-ui.spec.ts:140:1 › Control base selector resolves an authorized ControlVersion without a human UUID field (972ms)
  ✓  213 [chromium-tablet] › e2e/platform-role-ui.spec.ts:112:43 › assignment read 400 is an error rather than an empty collection (458ms)
  ✓  210 [chromium-laptop] › e2e/tenant-onboarding-ui.spec.ts:208:39 › onboarding 422 shows safe business error and keeps the original retry key (1.1s)
  ✓  212 [chromium-laptop] › e2e/core-grc-ui.spec.ts:447:1 › Tenant Admin creates a canonical Subject in company settings (890ms)
  ✓  211 [chromium-tablet] › e2e/tenant-onboarding-ui.spec.ts:99:1 › B: MI provisioning reuses one-time disclosure across summary, partial failure and same-key recovery (1.2s)
  ✓  215 [chromium-tablet] › e2e/platform-role-ui.spec.ts:112:43 › assignment read 401 is an error rather than an empty collection (406ms)
  ✓  214 [chromium-tablet] › e2e/core-grc-ui.spec.ts:162:1 › Control catalog filters by an effective contracted framework (483ms)
  ✓  219 [chromium-tablet] › e2e/platform-role-ui.spec.ts:112:43 › assignment read 403 is an error rather than an empty collection (395ms)
  ✓  218 [chromium-tablet] › e2e/tenant-onboarding-ui.spec.ts:113:1 › C: tenant explicit lookup, runtime role catalog, membership and server refetch (745ms)
  ✓  220 [chromium-tablet] › e2e/core-grc-ui.spec.ts:179:1 › Applicability offers only the approved decisions and requires a No aplica rationale (705ms)
  ✓  217 [chromium-laptop] › e2e/core-grc-ui.spec.ts:459:1 › QA validation content displays its condition and keeps filters tenant-scoped (1.0s)
  ✓  221 [chromium-tablet] › e2e/platform-role-ui.spec.ts:112:43 › assignment read 404 is an error rather than an empty collection (414ms)
  ✓  216 [chromium-laptop] › e2e/tenant-onboarding-ui.spec.ts:215:1 › I/J: branding, keyboard steps, labels, focus return and responsive tenant form (1.3s)
  ✓  222 [chromium-tablet] › e2e/tenant-onboarding-ui.spec.ts:121:1 › D: tenant new Managed Identity is handoff, never credential provisioning (433ms)
  ✓  223 [chromium-tablet] › e2e/core-grc-ui.spec.ts:192:1 › Tenant Admin sees own contracted frameworks without commercial commands (452ms)
  ✓  225 [chromium-tablet] › e2e/platform-role-ui.spec.ts:112:43 › assignment read 409 is an error rather than an empty collection (375ms)
  ✓  224 [chromium-laptop] › e2e/core-grc-ui.spec.ts:487:1 › login surface exposes the governed OIDC entry point (565ms)
  ✓  226 [chromium-laptop] › e2e/tenant-onboarding-ui.spec.ts:230:1 › dual actor without platform revoke permission uses own tenant authority, never promotes platform read (496ms)
  ✓  229 [chromium-tablet] › e2e/platform-role-ui.spec.ts:118:1 › catalog failure stays unavailable and does not fabricate options (496ms)
  ✓  228 [chromium-tablet] › e2e/core-grc-ui.spec.ts:201:1 › Tenant Admin reads validation access without platform actions (531ms)
  ✓  227 [chromium-tablet] › e2e/tenant-onboarding-ui.spec.ts:126:1 › E: partial roles recover only failed assignment with stable key and no repeated Membership (863ms)
  ✓  230 [chromium-laptop] › e2e/core-grc-ui.spec.ts:501:1 › invitation entry clears the one-time token from the visible URL (712ms)
  ✓  231 [chromium-laptop] › e2e/tenant-onboarding-ui.spec.ts:236:1 › lost revoke response reconciles ended server state without a second mutation (597ms)
  ✓  232 [chromium-tablet] › e2e/platform-role-ui.spec.ts:122:1 › last platform administrator conflict preserves the exact server-rendered assignment (608ms)
  ✓  234 [chromium-tablet] › e2e/tenant-onboarding-ui.spec.ts:132:1 › F: tenant privacy has explicit lookup only, no typing requests, wildcard or global list (466ms)
  ✓  236 [chromium-laptop] › e2e/tenant-onboarding-ui.spec.ts:243:1 › membership dialog traps keyboard focus, Escape restores detail trigger (472ms)
  ✓  233 [chromium-tablet] › e2e/core-grc-ui.spec.ts:221:1 › Platform Admin creates exact non-authoritative access from canonical candidates (1.2s)
  ✓  238 [chromium-tablet] › e2e/tenant-onboarding-ui.spec.ts:140:1 › existing active Membership is reused and its roles assigned independently (737ms)
  ✓  237 [chromium-tablet] › e2e/platform-role-ui.spec.ts:130:1 › uncertain transport result blocks retries until explicit server read and a new intention (875ms)
  ✓  235 [chromium-laptop] › e2e/core-grc-ui.spec.ts:514:1 › platform admin can generate a Zoho invitation without automatic roles (1.2s)
  ✓  239 [chromium-laptop] › e2e/tenant-onboarding-ui.spec.ts:252:1 › dual actor reads own memberships and catalog using tenant grants when platform read grants are absent (815ms)
  ✓  241 [chromium-tablet] › e2e/tenant-onboarding-ui.spec.ts:144:1 › platform authority and display role metadata confer no tenant create action (284ms)
  ✓  242 [chromium-tablet] › e2e/platform-role-ui.spec.ts:141:1 › successful POST with failed refetch never inserts authoritative optimistic state (581ms)
  ✓  240 [chromium-tablet] › e2e/core-grc-ui.spec.ts:298:1 › Candidate empty and error states have no manual ID fallback (855ms)
  ✓  244 [chromium-tablet] › e2e/tenant-onboarding-ui.spec.ts:147:1 › company required fields, timezone error and back navigation keep business inputs (579ms)
(node:99086) Warning: The 'NO_COLOR' env is ignored due to the 'FORCE_COLOR' env being set.
(Use `node --trace-warnings ...` to show where the warning was created)
  ✓  243 [chromium-laptop] › e2e/core-grc-ui.spec.ts:533:1 › Platform companies and tenant users expose the canonical administrative flow (1.0s)
(node:99088) Warning: The 'NO_COLOR' env is ignored due to the 'FORCE_COLOR' env being set.
(Use `node --trace-warnings ...` to show where the warning was created)
  ✓  245 [chromium-tablet] › e2e/core-grc-ui.spec.ts:319:3 › Validation CREATE 400 displays the canonical denial and preserves list authority (723ms)
  ✓  248 [chromium-laptop] › e2e/core-grc-ui.spec.ts:558:1 › removing one tenant role requires human confirmation and preserves the other (792ms)
  ✓  247 [chromium-narrow] › e2e/branding.spec.ts:22:1 › login branding loads the packaged canonical logo after deep navigation and reload (841ms)
  ✓  250 [chromium-tablet] › e2e/core-grc-ui.spec.ts:319:3 › Validation CREATE 401 displays the canonical denial and preserves list authority (756ms)
  ✓  246 [chromium-tablet] › e2e/tenant-onboarding-ui.spec.ts:153:1 › G: dual platform and own-tenant authority supports both operations with distinct contexts (1.2s)
  ✓  249 [chromium-narrow] › e2e/managed-identity-tenant-access.spec.ts:66:1 › A identity-only provisioning is optional and never rediscloses its credential (804ms)
  ✓  254 [chromium-tablet] › e2e/tenant-onboarding-ui.spec.ts:160:1 › H: platform-only projection includes role permission but never enables tenant assign (374ms)
  ✓  251 [chromium-laptop] › e2e/core-grc-ui.spec.ts:609:1 › dashboard visual contract, drill-down and accessibility (689ms)
  ✓  252 [chromium-narrow] › e2e/branding.spec.ts:43:1 › dashboard branding uses the same logo with responsive navigation (695ms)
  ✓  256 [chromium-tablet] › e2e/tenant-onboarding-ui.spec.ts:168:1 › wrong tenant projection cannot enable tenant incorporation or assignment (255ms)
  ✓  253 [chromium-tablet] › e2e/core-grc-ui.spec.ts:319:3 › Validation CREATE 403 displays the canonical denial and preserves list authority (791ms)
  ✓  257 [chromium-laptop] › e2e/core-grc-ui.spec.ts:651:3 › Aplicabilidad mantiene la baseline comercial en español (613ms)
  ✓  259 [chromium-narrow] › e2e/managed-identity-ui.spec.ts:39:1 › login entry uses backend availability and fails closed for unknown response (438ms)
  ✓  258 [chromium-tablet] › e2e/tenant-onboarding-ui.spec.ts:173:39 › tenant own-context revoke preserves reason, CAS, idempotency and server refresh (510ms)
  ✓  255 [chromium-narrow] › e2e/managed-identity-tenant-access.spec.ts:72:33 › B/C provision plus 1 runtime tenant roles, server refetch and duplicate click (927ms)
  ✓  260 [chromium-tablet] › e2e/core-grc-ui.spec.ts:319:3 › Validation CREATE 404 displays the canonical denial and preserves list authority (766ms)
  ✓  262 [chromium-narrow] › e2e/managed-identity-ui.spec.ts:54:1 › Managed Identity entry opens the separate approved IAM flow without a GRC password form (417ms)
  ✓  261 [chromium-laptop] › e2e/core-grc-ui.spec.ts:651:3 › Evaluaciones de requisitos mantiene la baseline comercial en español (586ms)
  ✓  263 [chromium-tablet] › e2e/tenant-onboarding-ui.spec.ts:173:39 › platform explicit target revoke preserves reason, CAS, idempotency and server refresh (625ms)
  ✓  266 [chromium-narrow] › e2e/managed-identity-ui.spec.ts:70:1 › permission projection governs MI controls; roles and tenant context grant none (405ms)
  ✓  264 [chromium-narrow] › e2e/managed-identity-tenant-access.spec.ts:72:33 › B/C provision plus 2 runtime tenant roles, server refetch and duplicate click (996ms)
  ✓  265 [chromium-tablet] › e2e/core-grc-ui.spec.ts:319:3 › Validation CREATE 409 displays the canonical denial and preserves list authority (728ms)
  ✓  267 [chromium-laptop] › e2e/core-grc-ui.spec.ts:651:3 › Declaración de aplicabilidad mantiene la baseline comercial en español (611ms)
  ✓  268 [chromium-tablet] › e2e/tenant-onboarding-ui.spec.ts:182:1 › server receipt remains truthful if list refresh fails and is reconciled without another onboarding (727ms)
  ✓  269 [chromium-narrow] › e2e/managed-identity-ui.spec.ts:84:1 › create permission emits a one-time credential only in the result view (643ms)
  ✓  270 [chromium-narrow] › e2e/managed-identity-tenant-access.spec.ts:78:1 › D existing identity adds company access without reprovision or UUID labels (651ms)
  ✓  272 [chromium-laptop] › e2e/core-grc-ui.spec.ts:651:3 › Controles mantiene la baseline comercial en español (650ms)
  ✓  271 [chromium-tablet] › e2e/core-grc-ui.spec.ts:354:1 › Validation CREATE ignores a repeated click while the POST is pending (716ms)
  ✓  274 [chromium-narrow] › e2e/managed-identity-ui.spec.ts:124:1 › provision replay exposes metadata without a credential or automatic reset (519ms)
  ✓  273 [chromium-tablet] › e2e/tenant-onboarding-ui.spec.ts:190:1 › accepted role response without server assignment stays pending, then retries same intent (825ms)
  ✓  276 [chromium-laptop] › e2e/core-grc-ui.spec.ts:651:3 › Evaluaciones de control mantiene la baseline comercial en español (529ms)
  ✓  275 [chromium-narrow] › e2e/managed-identity-tenant-access.spec.ts:81:1 › E existing Membership displays current roles and adds roles without duplication (629ms)
  ✓  277 [chromium-tablet] › e2e/core-grc-ui.spec.ts:380:1 › Platform Admin revokes validation access with reason, CAS and a local refresh (1.2s)
  ✓  279 [chromium-tablet] › e2e/tenant-onboarding-ui.spec.ts:198:1 › closing provisioned identity before onboarding retains identity and destroys credential disclosure (889ms)
  ✓  278 [chromium-narrow] › e2e/managed-identity-ui.spec.ts:144:1 › password reset recovery requires a new explicit action and fresh key (1.1s)
  ✓  281 [chromium-narrow] › e2e/managed-identity-tenant-access.spec.ts:86:1 › F/G platform selector remains Platform-only and tenant catalog is loaded only for the selected company (822ms)
  ✓  280 [chromium-laptop] › e2e/core-grc-ui.spec.ts:651:3 › Pruebas de aseguramiento mantiene la baseline comercial en español (916ms)
  ✓  282 [chromium-tablet] › e2e/core-grc-ui.spec.ts:422:1 › Platform Admin sees a validation access conflict without a false success (715ms)
  ✓  286 [chromium-laptop] › e2e/core-grc-ui.spec.ts:651:3 › Solicitudes de evidencia mantiene la baseline comercial en español (791ms)
  ✓  283 [chromium-tablet] › e2e/tenant-onboarding-ui.spec.ts:208:39 › onboarding 403 shows safe business error and keeps the original retry key (1.1s)
  ✓  284 [chromium-narrow] › e2e/managed-identity-ui.spec.ts:177:1 › password reset original discloses once and a replay response omits the credential (1.1s)
  ✓  285 [chromium-narrow] › e2e/managed-identity-tenant-access.spec.ts:90:1 › J partial role failure retains identity and Membership, retry reuses exactly the original body/key (1.2s)
  ✓  287 [chromium-tablet] › e2e/core-grc-ui.spec.ts:447:1 › Tenant Admin creates a canonical Subject in company settings (858ms)
  ✓  288 [chromium-laptop] › e2e/core-grc-ui.spec.ts:651:3 › Evidencias mantiene la baseline comercial en español (762ms)
  ✓  289 [chromium-tablet] › e2e/tenant-onboarding-ui.spec.ts:208:39 › onboarding 409 shows safe business error and keeps the original retry key (930ms)
  ✓  291 [chromium-narrow] › e2e/managed-identity-tenant-access.spec.ts:94:1 › K subscription denial explains the pending association and preserves the provisioned identity (812ms)
  ✓  292 [chromium-tablet] › e2e/core-grc-ui.spec.ts:459:1 › QA validation content displays its condition and keeps filters tenant-scoped (838ms)
  ✓  290 [chromium-narrow] › e2e/managed-identity-ui.spec.ts:205:1 › administrative lifecycle actions require a reason and distinct intentions (1.3s)
  ✓  293 [chromium-laptop] › e2e/core-grc-ui.spec.ts:651:3 › Políticas de retención mantiene la baseline comercial en español (662ms)
  ✓  297 [chromium-narrow] › e2e/managed-identity-ui.spec.ts:238:1 › tenant admin and a Platform role name without projected permission cannot enter MI (248ms)
  ✓  295 [chromium-narrow] › e2e/managed-identity-tenant-access.spec.ts:97:1 › server-read failure after success permits refresh without repeating a mutation (694ms)
  ✓  294 [chromium-tablet] › e2e/tenant-onboarding-ui.spec.ts:208:39 › onboarding 422 shows safe business error and keeps the original retry key (811ms)
  ✓  296 [chromium-tablet] › e2e/core-grc-ui.spec.ts:487:1 › login surface exposes the governed OIDC entry point (494ms)
  ✓  299 [chromium-narrow] › e2e/managed-identity-ui.spec.ts:249:1 › failed permission projection clears MI presentation eligibility (212ms)
  ✓  298 [chromium-laptop] › e2e/core-grc-ui.spec.ts:651:3 › Hallazgos y brechas mantiene la baseline comercial en español (513ms)
  ✓  300 [chromium-narrow] › e2e/managed-identity-tenant-access.spec.ts:100:1 › effective permission revocation prevents the central POST without relying on role names (572ms)
  ✓  302 [chromium-tablet] › e2e/core-grc-ui.spec.ts:501:1 › invitation entry clears the one-time token from the visible URL (648ms)
  ✓  303 [chromium-narrow] › e2e/managed-identity-ui.spec.ts:259:1 › MI7 safe surfaces keep labels, focus and supported viewport layout (828ms)
  ✓  304 [chromium-laptop] › e2e/core-grc-ui.spec.ts:651:3 › Acciones mantiene la baseline comercial en español (855ms)
  ✓  305 [chromium-narrow] › e2e/managed-identity-tenant-access.spec.ts:102:1 › missing effective central permission exposes reads but never onboarding actions (502ms)
  ✓  301 [chromium-tablet] › e2e/tenant-onboarding-ui.spec.ts:215:1 › I/J: branding, keyboard steps, labels, focus return and responsive tenant form (1.5s)
  ✓  307 [chromium-narrow] › e2e/platform-role-ui.spec.ts:58:1 › navigation, identity selection, empty state and catalog remain distinct from tenant roles (601ms)
  ✓  308 [chromium-narrow] › e2e/managed-identity-tenant-access.spec.ts:104:1 › tenant catalog contamination fails closed without a usable role or submit control (499ms)
(node:99165) Warning: The 'NO_COLOR' env is ignored due to the 'FORCE_COLOR' env being set.
(Use `node --trace-warnings ...` to show where the warning was created)
  ✓  306 [chromium-tablet] › e2e/core-grc-ui.spec.ts:514:1 › platform admin can generate a Zoho invitation without automatic roles (1.1s)
  ✓  309 [chromium-tablet] › e2e/tenant-onboarding-ui.spec.ts:230:1 › dual actor without platform revoke permission uses own tenant authority, never promotes platform read (484ms)
  ✓  311 [chromium-narrow] › e2e/managed-identity-tenant-access.spec.ts:106:1 › governed tenant role revocation uses explicit target, ETag, reason, idempotency and canonical refetch (607ms)
  ✓  310 [chromium-narrow] › e2e/platform-role-ui.spec.ts:74:1 › assign and revoke send exact IDs/payloads/fresh keys and refetch server state without optimistic authority (758ms)
  ✓  314 [chromium-tablet] › e2e/tenant-onboarding-ui.spec.ts:236:1 › lost revoke response reconciles ended server state without a second mutation (576ms)
  ✓  316 [chromium-narrow] › e2e/platform-role-ui.spec.ts:95:1 › role-name and tenant grants cannot expose admin actions without effective platform permission (390ms)
  ✓  315 [chromium-narrow] › e2e/managed-identity-tenant-access.spec.ts:108:1 › M/N/O separated access sections preserve branding, responsive containment and keyboard focus (532ms)
  ✓  312 [chromium-tablet] › e2e/core-grc-ui.spec.ts:533:1 › Platform companies and tenant users expose the canonical administrative flow (936ms)
  ✓  313 [chromium-narrow] › e2e/tenant-onboarding-ui.spec.ts:90:1 › A: company with existing identity uses exact onboarding boundary, refetch and no manual IDs (811ms)
  ✓  317 [chromium-tablet] › e2e/tenant-onboarding-ui.spec.ts:243:1 › membership dialog traps keyboard focus, Escape restores detail trigger (349ms)
  ✓  318 [chromium-narrow] › e2e/platform-role-ui.spec.ts:100:1 › missing catalog permission never supplies a hardcoded option while revoke remains independent (367ms)
(node:99180) Warning: The 'NO_COLOR' env is ignored due to the 'FORCE_COLOR' env being set.
(Use `node --trace-warnings ...` to show where the warning was created)
  ✓  319 [chromium-tablet] › e2e/core-grc-ui.spec.ts:558:1 › removing one tenant role requires human confirmation and preserves the other (698ms)
  ✓  321 [chromium-tablet] › e2e/tenant-onboarding-ui.spec.ts:252:1 › dual actor reads own memberships and catalog using tenant grants when platform read grants are absent (558ms)
  ✓  322 [chromium-narrow] › e2e/platform-role-ui.spec.ts:106:1 › fresh permission revocation prevents POST even after opening the confirmation (464ms)
  ✓  320 [chromium-narrow] › e2e/tenant-onboarding-ui.spec.ts:99:1 › B: MI provisioning reuses one-time disclosure across summary, partial failure and same-key recovery (914ms)
  ✓  325 [chromium-narrow] › e2e/platform-role-ui.spec.ts:112:43 › assignment read 400 is an error rather than an empty collection (331ms)
  ✓  324 [chromium-tablet] › e2e/core-grc-ui.spec.ts:609:1 › dashboard visual contract, drill-down and accessibility (635ms)
  ✓  323 [chromium-narrow] › e2e/core-grc-ui.spec.ts:140:1 › Control base selector resolves an authorized ControlVersion without a human UUID field (630ms)
  ✓  327 [chromium-narrow] › e2e/platform-role-ui.spec.ts:112:43 › assignment read 401 is an error rather than an empty collection (476ms)
  ✓  326 [chromium-narrow] › e2e/tenant-onboarding-ui.spec.ts:113:1 › C: tenant explicit lookup, runtime role catalog, membership and server refetch (699ms)
  ✓  329 [chromium-narrow] › e2e/core-grc-ui.spec.ts:162:1 › Control catalog filters by an effective contracted framework (352ms)
  ✓  328 [chromium-tablet] › e2e/core-grc-ui.spec.ts:651:3 › Aplicabilidad mantiene la baseline comercial en español (504ms)
  ✓  330 [chromium-narrow] › e2e/platform-role-ui.spec.ts:112:43 › assignment read 403 is an error rather than an empty collection (332ms)
  ✓  331 [chromium-narrow] › e2e/tenant-onboarding-ui.spec.ts:121:1 › D: tenant new Managed Identity is handoff, never credential provisioning (335ms)
  ✓  332 [chromium-narrow] › e2e/core-grc-ui.spec.ts:179:1 › Applicability offers only the approved decisions and requires a No aplica rationale (507ms)
  ✓  334 [chromium-narrow] › e2e/platform-role-ui.spec.ts:112:43 › assignment read 404 is an error rather than an empty collection (361ms)
  ✓  333 [chromium-tablet] › e2e/core-grc-ui.spec.ts:651:3 › Evaluaciones de requisitos mantiene la baseline comercial en español (490ms)
  ✓  336 [chromium-narrow] › e2e/core-grc-ui.spec.ts:192:1 › Tenant Admin sees own contracted frameworks without commercial commands (397ms)
  ✓  337 [chromium-narrow] › e2e/platform-role-ui.spec.ts:112:43 › assignment read 409 is an error rather than an empty collection (386ms)
  ✓  335 [chromium-narrow] › e2e/tenant-onboarding-ui.spec.ts:126:1 › E: partial roles recover only failed assignment with stable key and no repeated Membership (739ms)
  ✓  338 [chromium-tablet] › e2e/core-grc-ui.spec.ts:651:3 › Declaración de aplicabilidad mantiene la baseline comercial en español (563ms)
  ✓  340 [chromium-narrow] › e2e/platform-role-ui.spec.ts:118:1 › catalog failure stays unavailable and does not fabricate options (365ms)
  ✓  339 [chromium-narrow] › e2e/core-grc-ui.spec.ts:201:1 › Tenant Admin reads validation access without platform actions (453ms)
  ✓  341 [chromium-narrow] › e2e/tenant-onboarding-ui.spec.ts:132:1 › F: tenant privacy has explicit lookup only, no typing requests, wildcard or global list (390ms)
  ✓  342 [chromium-tablet] › e2e/core-grc-ui.spec.ts:651:3 › Controles mantiene la baseline comercial en español (543ms)
  ✓  343 [chromium-narrow] › e2e/platform-role-ui.spec.ts:122:1 › last platform administrator conflict preserves the exact server-rendered assignment (438ms)
  ✓  345 [chromium-narrow] › e2e/tenant-onboarding-ui.spec.ts:140:1 › existing active Membership is reused and its roles assigned independently (537ms)
  ✓  348 [chromium-narrow] › e2e/tenant-onboarding-ui.spec.ts:144:1 › platform authority and display role metadata confer no tenant create action (239ms)
  ✓  346 [chromium-tablet] › e2e/core-grc-ui.spec.ts:651:3 › Evaluaciones de control mantiene la baseline comercial en español (581ms)
  ✓  344 [chromium-narrow] › e2e/core-grc-ui.spec.ts:221:1 › Platform Admin creates exact non-authoritative access from canonical candidates (892ms)
  ✓  347 [chromium-narrow] › e2e/platform-role-ui.spec.ts:130:1 › uncertain transport result blocks retries until explicit server read and a new intention (738ms)
  ✓  349 [chromium-narrow] › e2e/tenant-onboarding-ui.spec.ts:147:1 › company required fields, timezone error and back navigation keep business inputs (590ms)
  ✓  350 [chromium-tablet] › e2e/core-grc-ui.spec.ts:651:3 › Pruebas de aseguramiento mantiene la baseline comercial en español (630ms)
  ✓  351 [chromium-narrow] › e2e/core-grc-ui.spec.ts:298:1 › Candidate empty and error states have no manual ID fallback (719ms)
  ✓  352 [chromium-narrow] › e2e/platform-role-ui.spec.ts:141:1 › successful POST with failed refetch never inserts authoritative optimistic state (686ms)
  ✓  354 [chromium-tablet] › e2e/core-grc-ui.spec.ts:651:3 › Solicitudes de evidencia mantiene la baseline comercial en español (474ms)
  ✓  355 [chromium-narrow] › e2e/core-grc-ui.spec.ts:319:3 › Validation CREATE 400 displays the canonical denial and preserves list authority (614ms)
  ✓  353 [chromium-narrow] › e2e/tenant-onboarding-ui.spec.ts:153:1 › G: dual platform and own-tenant authority supports both operations with distinct contexts (999ms)
  ✓  356 [chromium-tablet] › e2e/core-grc-ui.spec.ts:651:3 › Evidencias mantiene la baseline comercial en español (503ms)
  ✓  358 [chromium-narrow] › e2e/tenant-onboarding-ui.spec.ts:160:1 › H: platform-only projection includes role permission but never enables tenant assign (195ms)
  ✓  357 [chromium-narrow] › e2e/core-grc-ui.spec.ts:319:3 › Validation CREATE 401 displays the canonical denial and preserves list authority (526ms)
  ✓  360 [chromium-narrow] › e2e/tenant-onboarding-ui.spec.ts:168:1 › wrong tenant projection cannot enable tenant incorporation or assignment (167ms)
  ✓  359 [chromium-tablet] › e2e/core-grc-ui.spec.ts:651:3 › Políticas de retención mantiene la baseline comercial en español (536ms)
  ✓  362 [chromium-narrow] › e2e/tenant-onboarding-ui.spec.ts:173:39 › tenant own-context revoke preserves reason, CAS, idempotency and server refresh (403ms)
  ✓  361 [chromium-narrow] › e2e/core-grc-ui.spec.ts:319:3 › Validation CREATE 403 displays the canonical denial and preserves list authority (585ms)
  ✓  363 [chromium-tablet] › e2e/core-grc-ui.spec.ts:651:3 › Hallazgos y brechas mantiene la baseline comercial en español (423ms)
  ✓  364 [chromium-narrow] › e2e/tenant-onboarding-ui.spec.ts:173:39 › platform explicit target revoke preserves reason, CAS, idempotency and server refresh (460ms)
  ✓  365 [chromium-narrow] › e2e/core-grc-ui.spec.ts:319:3 › Validation CREATE 404 displays the canonical denial and preserves list authority (599ms)
  ✓  366 [chromium-tablet] › e2e/core-grc-ui.spec.ts:651:3 › Acciones mantiene la baseline comercial en español (537ms)
  ✓  367 [chromium-narrow] › e2e/tenant-onboarding-ui.spec.ts:182:1 › server receipt remains truthful if list refresh fails and is reconciled without another onboarding (557ms)
  ✓  368 [chromium-narrow] › e2e/core-grc-ui.spec.ts:319:3 › Validation CREATE 409 displays the canonical denial and preserves list authority (579ms)
  ✓  369 [chromium-narrow] › e2e/tenant-onboarding-ui.spec.ts:190:1 › accepted role response without server assignment stays pending, then retries same intent (583ms)
  ✓  370 [chromium-narrow] › e2e/core-grc-ui.spec.ts:354:1 › Validation CREATE ignores a repeated click while the POST is pending (492ms)
  ✓  371 [chromium-narrow] › e2e/tenant-onboarding-ui.spec.ts:198:1 › closing provisioned identity before onboarding retains identity and destroys credential disclosure (440ms)
  ✓  372 [chromium-narrow] › e2e/core-grc-ui.spec.ts:380:1 › Platform Admin revokes validation access with reason, CAS and a local refresh (556ms)
  ✓  373 [chromium-narrow] › e2e/tenant-onboarding-ui.spec.ts:208:39 › onboarding 403 shows safe business error and keeps the original retry key (572ms)
  ✓  374 [chromium-narrow] › e2e/core-grc-ui.spec.ts:422:1 › Platform Admin sees a validation access conflict without a false success (456ms)
  ✓  375 [chromium-narrow] › e2e/tenant-onboarding-ui.spec.ts:208:39 › onboarding 409 shows safe business error and keeps the original retry key (604ms)
  ✓  376 [chromium-narrow] › e2e/core-grc-ui.spec.ts:447:1 › Tenant Admin creates a canonical Subject in company settings (451ms)
  ✓  378 [chromium-narrow] › e2e/core-grc-ui.spec.ts:459:1 › QA validation content displays its condition and keeps filters tenant-scoped (526ms)
  ✓  377 [chromium-narrow] › e2e/tenant-onboarding-ui.spec.ts:208:39 › onboarding 422 shows safe business error and keeps the original retry key (673ms)
  ✓  379 [chromium-narrow] › e2e/core-grc-ui.spec.ts:487:1 › login surface exposes the governed OIDC entry point (301ms)
  ✓  381 [chromium-narrow] › e2e/core-grc-ui.spec.ts:501:1 › invitation entry clears the one-time token from the visible URL (267ms)
  ✓  380 [chromium-narrow] › e2e/tenant-onboarding-ui.spec.ts:215:1 › I/J: branding, keyboard steps, labels, focus return and responsive tenant form (740ms)
  ✓  383 [chromium-narrow] › e2e/tenant-onboarding-ui.spec.ts:230:1 › dual actor without platform revoke permission uses own tenant authority, never promotes platform read (346ms)
  ✓  382 [chromium-narrow] › e2e/core-grc-ui.spec.ts:514:1 › platform admin can generate a Zoho invitation without automatic roles (934ms)
  ✓  384 [chromium-narrow] › e2e/tenant-onboarding-ui.spec.ts:236:1 › lost revoke response reconciles ended server state without a second mutation (426ms)
  ✓  386 [chromium-narrow] › e2e/tenant-onboarding-ui.spec.ts:243:1 › membership dialog traps keyboard focus, Escape restores detail trigger (260ms)
  ✓  385 [chromium-narrow] › e2e/core-grc-ui.spec.ts:533:1 › Platform companies and tenant users expose the canonical administrative flow (684ms)
  ✓  387 [chromium-narrow] › e2e/tenant-onboarding-ui.spec.ts:252:1 › dual actor reads own memberships and catalog using tenant grants when platform read grants are absent (450ms)
  ✓  388 [chromium-narrow] › e2e/core-grc-ui.spec.ts:558:1 › removing one tenant role requires human confirmation and preserves the other (454ms)
  ✓  389 [chromium-narrow] › e2e/core-grc-ui.spec.ts:609:1 › dashboard visual contract, drill-down and accessibility (396ms)
  ✓  390 [chromium-narrow] › e2e/core-grc-ui.spec.ts:651:3 › Aplicabilidad mantiene la baseline comercial en español (297ms)
  ✓  391 [chromium-narrow] › e2e/core-grc-ui.spec.ts:651:3 › Evaluaciones de requisitos mantiene la baseline comercial en español (295ms)
  ✓  392 [chromium-narrow] › e2e/core-grc-ui.spec.ts:651:3 › Declaración de aplicabilidad mantiene la baseline comercial en español (311ms)
  ✓  393 [chromium-narrow] › e2e/core-grc-ui.spec.ts:651:3 › Controles mantiene la baseline comercial en español (298ms)
  ✓  394 [chromium-narrow] › e2e/core-grc-ui.spec.ts:651:3 › Evaluaciones de control mantiene la baseline comercial en español (340ms)
  ✓  395 [chromium-narrow] › e2e/core-grc-ui.spec.ts:651:3 › Pruebas de aseguramiento mantiene la baseline comercial en español (434ms)
  ✓  396 [chromium-narrow] › e2e/core-grc-ui.spec.ts:651:3 › Solicitudes de evidencia mantiene la baseline comercial en español (298ms)
  ✓  397 [chromium-narrow] › e2e/core-grc-ui.spec.ts:651:3 › Evidencias mantiene la baseline comercial en español (418ms)
  ✓  398 [chromium-narrow] › e2e/core-grc-ui.spec.ts:651:3 › Políticas de retención mantiene la baseline comercial en español (422ms)
  ✓  399 [chromium-narrow] › e2e/core-grc-ui.spec.ts:651:3 › Hallazgos y brechas mantiene la baseline comercial en español (299ms)
  ✓  400 [chromium-narrow] › e2e/core-grc-ui.spec.ts:651:3 › Acciones mantiene la baseline comercial en español (432ms)

  400 passed (1.2m)
