TAP version 13
# Subtest: theme inherits Keycloak 26.7.5 login templates and packages approved local brand
ok 1 - theme inherits Keycloak 26.7.5 login templates and packages approved local brand
  ---
  duration_ms: 3.08625
  type: 'test'
  ...
# Subtest: end-user message bundles carry Tecdex GRC branding across login and required actions
ok 2 - end-user message bundles carry Tecdex GRC branding across login and required actions
  ---
  duration_ms: 1.127959
  type: 'test'
  ...
# Subtest: versioned overrides preserve upstream form, action and session logic
ok 3 - versioned overrides preserve upstream form, action and session logic
  ---
  duration_ms: 1.643917
  type: 'test'
  ...
# Subtest: theme text, primary-button states and focus use contrasting approved tokens
ok 4 - theme text, primary-button states and focus use contrasting approved tokens
  ---
  duration_ms: 0.522625
  type: 'test'
  ...
1..4
# tests 4
# suites 0
# pass 4
# fail 0
# cancelled 0
# skipped 0
# todo 0
# duration_ms 53.962416
